// Jest Snapshot v1, https://goo.gl/fbAQLP

exports[`<CreatePlace /> matches snapshot 1`] = `ShallowWrapper {}`;
