// Jest Snapshot v1, https://goo.gl/fbAQLP

exports[`<PlaceDetails /> matches snapshot 1`] = `ShallowWrapper {}`;
